<?xml version="1.0" encoding="UTF-8"?>
<testsuites name="jest tests" tests="2" failures="0" errors="0" time="14.554">
  <testsuite name="Test Connection to db" errors="0" failures="0" skipped="0" timestamp="2022-03-13T21:48:21" time="14.43" tests="2">
    <testcase classname="Test Connection to db Db Simple Request" name="Test Connection to db Db Simple Request" time="0.565">
    </testcase>
    <testcase classname="Graphql Response Search Response" name="Graphql Response Search Response" time="12.562">
    </testcase>
  </testsuite>
</testsuites>